// Jest Snapshot v1, https://goo.gl/fbAQLP

exports[`Login Rendering renders login screen without crash 1`] = `
<RNCSafeAreaView>
  <View
    style={
      Object {
        "alignItems": "center",
        "flexDirection": "row",
        "justifyContent": "space-between",
        "paddingBottom": 8,
        "paddingLeft": 8,
        "paddingRight": 8,
        "paddingTop": 8,
      }
    }
  >
    <View
      style={
        Object {
          "alignItems": "center",
          "display": "flex",
          "flexDirection": "row",
        }
      }
    >
      <View
        accessible={true}
        focusable={true}
        onClick={[Function]}
        onResponderGrant={[Function]}
        onResponderMove={[Function]}
        onResponderRelease={[Function]}
        onResponderTerminate={[Function]}
        onResponderTerminationRequest={[Function]}
        onStartShouldSetResponder={[Function]}
        style={
          Object {
            "opacity": 1,
            "paddingBottom": 8,
            "paddingLeft": 8,
            "paddingRight": 8,
            "paddingTop": 8,
          }
        }
      >
        <Text />
      </View>
      <Text
        style={
          Object {
            "fontSize": 24,
            "fontWeight": "bold",
            "lineHeight": 32,
            "paddingLeft": 8,
          }
        }
      >
        Chat
      </Text>
    </View>
  </View>
  <View
    style={
      Object {
        "paddingBottom": 20,
        "paddingLeft": 20,
        "paddingRight": 20,
        "paddingTop": 20,
      }
    }
  >
    <Text
      style={
        Object {
          "fontSize": 18,
          "lineHeight": 28,
          "textAlign": "center",
        }
      }
    >
      No matches at the moment ☹️
    </Text>
  </View>
</RNCSafeAreaView>
`;
