// Jest Snapshot v1, https://goo.gl/fbAQLP

exports[`Login Rendering renders login screen without crash 1`] = `
<View
  style={
    Object {
      "flexBasis": "0%",
      "flexGrow": 1,
      "flexShrink": 1,
    }
  }
>
  <View
    accessibilityIgnoresInvertColors={true}
    style={
      Object {
        "flexBasis": "0%",
        "flexGrow": 1,
        "flexShrink": 1,
      }
    }
  >
    <Image
      resizeMode="cover"
      source={1}
      style={
        Array [
          Object {
            "bottom": 0,
            "left": 0,
            "position": "absolute",
            "right": 0,
            "top": 0,
          },
          Object {
            "height": undefined,
            "width": undefined,
          },
          undefined,
        ]
      }
    />
    <View
      accessible={true}
      focusable={false}
      onClick={[Function]}
      onResponderGrant={[Function]}
      onResponderMove={[Function]}
      onResponderRelease={[Function]}
      onResponderTerminate={[Function]}
      onResponderTerminationRequest={[Function]}
      onStartShouldSetResponder={[Function]}
      style={
        Object {
          "backgroundColor": "#fff",
          "borderRadius": 16,
          "bottom": 160,
          "marginHorizontal": "25%",
          "opacity": 1,
          "paddingBottom": 16,
          "paddingLeft": 16,
          "paddingRight": 16,
          "paddingTop": 16,
          "position": "absolute",
          "width": 208,
        }
      }
    >
      <Text
        style={
          Object {
            "fontWeight": "600",
            "textAlign": "center",
          }
        }
      >
        Sign in & get swiping
      </Text>
    </View>
  </View>
</View>
`;
